// Jest Snapshot v1, https://goo.gl/fbAQLP

exports[`Header component should match snapshot with props 1`] = `
<styled.header>
  <Container>
    <Row>
      <Column>
        <styled.div>
           
          <styled.h1>
            React Calculator
          </styled.h1>
        </styled.div>
      </Column>
    </Row>
  </Container>
</styled.header>
`;
