// Jest Snapshot v1, https://goo.gl/fbAQLP

exports[`App component should match snapshot 1`] = `
<Provider
  store={
    Object {
      "getState": [Function],
      "middleware": null,
      "reset": [Function],
      "setState": [Function],
      "subscribe": [Function],
    }
  }
>
  <Router
    history={
      Object {
        "action": "POP",
        "block": [Function],
        "createHref": [Function],
        "go": [Function],
        "goBack": [Function],
        "goForward": [Function],
        "length": 1,
        "listen": [Function],
        "location": Object {
          "hash": "",
          "pathname": "/",
          "search": "",
          "state": undefined,
        },
        "push": [Function],
        "replace": [Function],
      }
    }
  >
    <ThemeProvider
      theme={
        Object {
          "breakpoints": Array [
            "47.9375rem",
            "62rem",
            "74.9375rem",
          ],
          "space": Array [
            0,
            "0.3125rem",
            "0.625rem",
            "0.9375rem",
            "1.25rem",
          ],
        }
      }
    >
      <React.Fragment>
        <Routes />
        <Footer />
        <ConnectWrapper />
      </React.Fragment>
    </ThemeProvider>
  </Router>
</Provider>
`;
